[bootstrapmade.com/demo/templates/Arsha/index.html]
[backblue.gif]
[fade.gif]
[index.html]
[bootstrapmade.com/demo/templates/Arsha/assets/img/favicon.png]
[bootstrapmade.com/demo/templates/Arsha/assets/img/apple-touch-icon.png]
[bootstrapmade.com/demo/templates/Arsha/assets/vendor/bootstrap/css/bootstrap.min.css]
[bootstrapmade.com/demo/templates/Arsha/assets/vendor/icofont/icofont.min.css]
[bootstrapmade.com/demo/templates/Arsha/assets/vendor/boxicons/css/boxicons.min.css]
[bootstrapmade.com/demo/templates/Arsha/assets/vendor/remixicon/remixicon.css]
[bootstrapmade.com/demo/templates/Arsha/assets/vendor/venobox/venobox.css]
[bootstrapmade.com/demo/templates/Arsha/assets/vendor/owl.carousel/assets/owl.carousel.min.css]
[bootstrapmade.com/demo/templates/Arsha/assets/vendor/aos/aos.css]
[bootstrapmade.com/demo/templates/Arsha/assets/css/style.css]
[bootstrapmade.com/demo/templates/Arsha/index-2.html]
[bootstrapmade.com/demo/templates/Arsha/assets/img/hero-img.png]
[bootstrapmade.com/demo/templates/Arsha/assets/img/clients/client-1.png]
[bootstrapmade.com/demo/templates/Arsha/assets/img/clients/client-2.png]
[bootstrapmade.com/demo/templates/Arsha/assets/img/clients/client-3.png]
[bootstrapmade.com/demo/templates/Arsha/assets/img/clients/client-4.png]
[bootstrapmade.com/demo/templates/Arsha/assets/img/clients/client-5.png]
[bootstrapmade.com/demo/templates/Arsha/assets/img/clients/client-6.png]
[bootstrapmade.com/demo/templates/Arsha/assets/img/why-us.png]
[bootstrapmade.com/demo/templates/Arsha/assets/img/skills.png]
[bootstrapmade.com/demo/templates/Arsha/assets/img/portfolio/portfolio-1.jpg]
[bootstrapmade.com/demo/templates/Arsha/portfolio-details.html]
[bootstrapmade.com/demo/templates/Arsha/assets/img/portfolio/portfolio-2.jpg]
[bootstrapmade.com/demo/templates/Arsha/assets/img/portfolio/portfolio-3.jpg]
[bootstrapmade.com/demo/templates/Arsha/assets/img/portfolio/portfolio-4.jpg]
[bootstrapmade.com/demo/templates/Arsha/assets/img/portfolio/portfolio-5.jpg]
[bootstrapmade.com/demo/templates/Arsha/assets/img/portfolio/portfolio-6.jpg]
[bootstrapmade.com/demo/templates/Arsha/assets/img/portfolio/portfolio-7.jpg]
[bootstrapmade.com/demo/templates/Arsha/assets/img/portfolio/portfolio-8.jpg]
[bootstrapmade.com/demo/templates/Arsha/assets/img/portfolio/portfolio-9.jpg]
[bootstrapmade.com/demo/templates/Arsha/assets/img/team/team-1.jpg]
[bootstrapmade.com/demo/templates/Arsha/assets/img/team/team-2.jpg]
[bootstrapmade.com/demo/templates/Arsha/assets/img/team/team-3.jpg]
[bootstrapmade.com/demo/templates/Arsha/assets/img/team/team-4.jpg]
[bootstrapmade.com/cdn-cgi/scripts/5c5dd728/cloudflare-static/email-decode.min.js]
[bootstrapmade.com/demo/templates/Arsha/assets/vendor/jquery/jquery.min.js]
[bootstrapmade.com/demo/templates/Arsha/assets/vendor/bootstrap/js/bootstrap.bundle.min.js]
[bootstrapmade.com/demo/templates/Arsha/assets/vendor/jquery.easing/jquery.easing.min.js]
[bootstrapmade.com/demo/templates/Arsha/assets/vendor/php-email-form/validate.js]
[bootstrapmade.com/demo/templates/Arsha/assets/vendor/waypoints/jquery.waypoints.min.js]
[bootstrapmade.com/demo/templates/Arsha/assets/vendor/isotope-layout/isotope.pkgd.min.js]
[bootstrapmade.com/demo/templates/Arsha/assets/vendor/venobox/venobox.min.js]
[bootstrapmade.com/demo/templates/Arsha/assets/vendor/owl.carousel/owl.carousel.min.js]
[bootstrapmade.com/demo/templates/Arsha/assets/vendor/aos/aos.js]
[bootstrapmade.com/demo/templates/Arsha/assets/js/main.js]
[www.google-analytics.com/analytics.js]
[bootstrapmade.com/demo/templates/Arsha/index.html]
[bootstrapmade.com/demo/templates/Arsha/assets/vendor/bootstrap/css/bootstrap.min.css]
[bootstrapmade.com/demo/templates/Arsha/assets/vendor/icofont/icofont.min.css]
[bootstrapmade.com/demo/templates/Arsha/assets/vendor/boxicons/fonts/boxicons.eot]
[bootstrapmade.com/demo/templates/Arsha/assets/vendor/icofont/fonts/icofont.woff]
[bootstrapmade.com/demo/templates/Arsha/assets/vendor/icofont/fonts/icofont.woff2]
[bootstrapmade.com/demo/templates/Arsha/assets/vendor/boxicons/fonts/boxicons.woff2]
[bootstrapmade.com/demo/templates/Arsha/assets/vendor/boxicons/fonts/boxicons.woff]
[bootstrapmade.com/demo/templates/Arsha/assets/vendor/boxicons/fonts/boxicons.ttf]
[bootstrapmade.com/demo/templates/Arsha/assets/vendor/boxicons/css/boxicons.min.css]
[bootstrapmade.com/demo/templates/Arsha/assets/vendor/boxicons/fonts/boxiconsd41d.svg]
[bootstrapmade.com/demo/templates/Arsha/assets/vendor/remixicon/remixicondf6d.eot]
[bootstrapmade.com/demo/templates/Arsha/assets/vendor/remixicon/remixicondf6d.woff2]
[bootstrapmade.com/demo/templates/Arsha/assets/vendor/remixicon/remixicondf6d.woff]
[bootstrapmade.com/demo/templates/Arsha/assets/vendor/remixicon/remixicon.css]
[bootstrapmade.com/demo/templates/Arsha/assets/vendor/venobox/venobox.css]
[bootstrapmade.com/demo/templates/Arsha/assets/vendor/remixicon/remixicondf6d.ttf]
[bootstrapmade.com/demo/templates/Arsha/assets/vendor/remixicon/remixicondf6d.svg]
[bootstrapmade.com/demo/templates/Arsha/assets/vendor/owl.carousel/assets/owl.video.play.png]
[bootstrapmade.com/demo/templates/Arsha/assets/vendor/owl.carousel/assets/owl.carousel.min.css]
[bootstrapmade.com/demo/templates/Arsha/assets/vendor/aos/aos.css]
[bootstrapmade.com/demo/templates/Arsha/assets/img/cta-bg.jpg]
[bootstrapmade.com/demo/templates/Arsha/assets/css/style.css]
[bootstrapmade.com/demo/templates/Arsha/index-2.html]
[bootstrapmade.com/demo/templates/Arsha/assets/img/portfolio/portfolio-details-1.jpg]
[bootstrapmade.com/demo/templates/Arsha/assets/img/portfolio/portfolio-details-2.jpg]
[bootstrapmade.com/demo/templates/Arsha/assets/img/portfolio/portfolio-details-3.jpg]
[bootstrapmade.com/demo/templates/Arsha/portfolio-details.html]
[bootstrapmade.com/demo/templates/Arsha/assets/vendor/boxicons/fonts/boxiconsd41d.svg]
[bootstrapmade.com/demo/templates/Arsha/assets/vendor/remixicon/remixicondf6d.svg]
